[crashlog] 会话日志: /tmp/m0m/d31ecae6a2e4/cycle-tab/data/com.jizhijiandan.mvp/logs/session-20260830-083809-main-pid805557.log (role=main pid=805557)
[main] main window url=Ok(Url { scheme: "tauri", cannot_be_a_base: false, username: "", password: None, host: Some(Domain("localhost")), port: None, path: "", query: None, fragment: None })
[FE] FE alive marker=2026-08-18-r2
[FE] [M0] rAF1 fired
[FE] [M0] rAF2 fired, invoking m0_ready
[m0] m0_ready called run_id="20260830T083630+0800_ac0ecac_release_x11" ready_file=Some("/tmp/m0m/d31ecae6a2e4/reports/cycle-tab/ready.signal")
[m0-driver tab] ready ok
[FE] [M0] m0_ready ok run_id=20260830T083630+0800_ac0ecac_release_x11
[spawn_child_window] 子 webview 已创建 label=tab-1
[create_tab] 子窗口已提交创建 label=tab-1 init=(1x1) visible=false
[browser-tabs] drift-correct label=tab-1 target=(0,0,1x1) alloc_before=(-1,-1,1x1)
[create_tab] run_on_main_thread 已排队 label=tab-1
[create_tab] 页签已创建 label=tab-1 url=https://www.baidu.com/s?wd=about%3Ablank
[browser-tabs] navigationFinished id=tab-1 url=https://www.baidu.com/s?wd=about%3Ablank
[main] emit tab-navigated id=tab-1 url=https://www.baidu.com/s?wd=about%3Ablank
[m0-driver tab] cycle 1 done
[spawn_child_window] 子 webview 已创建 label=tab-2
[create_tab] 子窗口已提交创建 label=tab-2 init=(1x1) visible=false
[create_tab] run_on_main_thread 已排队 label=tab-2
[create_tab] 页签已创建 label=tab-2 url=https://www.baidu.com/s?wd=about%3Ablank
[browser-tabs] drift-correct label=tab-2 target=(0,0,1x1) alloc_before=(-1,-1,1x1)
[browser-tabs] navigationFinished id=tab-2 url=https://www.baidu.com/s?wd=about%3Ablank
[main] emit tab-navigated id=tab-2 url=https://www.baidu.com/s?wd=about%3Ablank
[m0-driver tab] cycle 2 done
[spawn_child_window] 子 webview 已创建 label=tab-3
[create_tab] 子窗口已提交创建 label=tab-3 init=(1x1) visible=false
[create_tab] run_on_main_thread 已排队 label=tab-3
[create_tab] 页签已创建 label=tab-3 url=https://www.baidu.com/s?wd=about%3Ablank
[browser-tabs] drift-correct label=tab-3 target=(0,0,1x1) alloc_before=(-1,-1,1x1)
[browser-tabs] navigationFinished id=tab-3 url=https://www.baidu.com/s?wd=about%3Ablank
[main] emit tab-navigated id=tab-3 url=https://www.baidu.com/s?wd=about%3Ablank
[m0-driver tab] cycle 3 done
[spawn_child_window] 子 webview 已创建 label=tab-4
[create_tab] 子窗口已提交创建 label=tab-4 init=(1x1) visible=false
[create_tab] run_on_main_thread 已排队 label=tab-4
[create_tab] 页签已创建 label=tab-4 url=https://www.baidu.com/s?wd=about%3Ablank
[browser-tabs] drift-correct label=tab-4 target=(0,0,1x1) alloc_before=(-1,-1,1x1)
[browser-tabs] navigationFinished id=tab-4 url=https://www.baidu.com/s?wd=about%3Ablank
[main] emit tab-navigated id=tab-4 url=https://www.baidu.com/s?wd=about%3Ablank
[m0-driver tab] cycle 4 done
[spawn_child_window] 子 webview 已创建 label=tab-5
[create_tab] 子窗口已提交创建 label=tab-5 init=(1x1) visible=false
[browser-tabs] drift-correct label=tab-5 target=(0,0,1x1) alloc_before=(-1,-1,1x1)
[create_tab] run_on_main_thread 已排队 label=tab-5
[create_tab] 页签已创建 label=tab-5 url=https://www.baidu.com/s?wd=about%3Ablank
[browser-tabs] navigationFinished id=tab-5 url=https://www.baidu.com/s?wd=about%3Ablank
[main] emit tab-navigated id=tab-5 url=https://www.baidu.com/s?wd=about%3Ablank
[m0-driver tab] cycle 5 done
[spawn_child_window] 子 webview 已创建 label=tab-6
[create_tab] 子窗口已提交创建 label=tab-6 init=(1x1) visible=false
[browser-tabs] drift-correct label=tab-6 target=(0,0,1x1) alloc_before=(-1,-1,1x1)
[create_tab] run_on_main_thread 已排队 label=tab-6
[create_tab] 页签已创建 label=tab-6 url=https://www.baidu.com/s?wd=about%3Ablank
[browser-tabs] navigationFinished id=tab-6 url=https://www.baidu.com/s?wd=about%3Ablank
[main] emit tab-navigated id=tab-6 url=https://www.baidu.com/s?wd=about%3Ablank
[m0-driver tab] cycle 6 done
[spawn_child_window] 子 webview 已创建 label=tab-7
[create_tab] 子窗口已提交创建 label=tab-7 init=(1x1) visible=false
[create_tab] run_on_main_thread 已排队 label=tab-7
[browser-tabs] drift-correct label=tab-7 target=(0,0,1x1) alloc_before=(-1,-1,1x1)
[create_tab] 页签已创建 label=tab-7 url=https://www.baidu.com/s?wd=about%3Ablank
[browser-tabs] navigationFinished id=tab-7 url=https://www.baidu.com/s?wd=about%3Ablank
[main] emit tab-navigated id=tab-7 url=https://www.baidu.com/s?wd=about%3Ablank
[m0-driver tab] cycle 7 done
[spawn_child_window] 子 webview 已创建 label=tab-8
[create_tab] 子窗口已提交创建 label=tab-8 init=(1x1) visible=false
[create_tab] run_on_main_thread 已排队 label=tab-8
[browser-tabs] drift-correct label=tab-8 target=(0,0,1x1) alloc_before=(-1,-1,1x1)
[create_tab] 页签已创建 label=tab-8 url=https://www.baidu.com/s?wd=about%3Ablank
[browser-tabs] navigationFinished id=tab-8 url=https://www.baidu.com/s?wd=about%3Ablank
[main] emit tab-navigated id=tab-8 url=https://www.baidu.com/s?wd=about%3Ablank
[m0-driver tab] cycle 8 done
[spawn_child_window] 子 webview 已创建 label=tab-9
[create_tab] 子窗口已提交创建 label=tab-9 init=(1x1) visible=false
[browser-tabs] drift-correct label=tab-9 target=(0,0,1x1) alloc_before=(-1,-1,1x1)
[create_tab] run_on_main_thread 已排队 label=tab-9
[create_tab] 页签已创建 label=tab-9 url=https://www.baidu.com/s?wd=about%3Ablank
[browser-tabs] navigationFinished id=tab-9 url=https://www.baidu.com/s?wd=about%3Ablank
[main] emit tab-navigated id=tab-9 url=https://www.baidu.com/s?wd=about%3Ablank
[m0-driver tab] cycle 9 done
[spawn_child_window] 子 webview 已创建 label=tab-10
[create_tab] 子窗口已提交创建 label=tab-10 init=(1x1) visible=false
[create_tab] run_on_main_thread 已排队 label=tab-10
[browser-tabs] drift-correct label=tab-10 target=(0,0,1x1) alloc_before=(-1,-1,1x1)
[create_tab] 页签已创建 label=tab-10 url=https://www.baidu.com/s?wd=about%3Ablank
[browser-tabs] navigationFinished id=tab-10 url=https://www.baidu.com/s?wd=about%3Ablank
[main] emit tab-navigated id=tab-10 url=https://www.baidu.com/s?wd=about%3Ablank
[m0-driver tab] cycle 10 done
[spawn_child_window] 子 webview 已创建 label=tab-11
[create_tab] 子窗口已提交创建 label=tab-11 init=(1x1) visible=false
[browser-tabs] drift-correct label=tab-11 target=(0,0,1x1) alloc_before=(-1,-1,1x1)
[create_tab] run_on_main_thread 已排队 label=tab-11
[create_tab] 页签已创建 label=tab-11 url=https://www.baidu.com/s?wd=about%3Ablank
[browser-tabs] navigationFinished id=tab-11 url=https://www.baidu.com/s?wd=about%3Ablank
[main] emit tab-navigated id=tab-11 url=https://www.baidu.com/s?wd=about%3Ablank
[m0-driver tab] cycle 11 done
[spawn_child_window] 子 webview 已创建 label=tab-12
[create_tab] 子窗口已提交创建 label=tab-12 init=(1x1) visible=false
[browser-tabs] drift-correct label=tab-12 target=(0,0,1x1) alloc_before=(-1,-1,1x1)
[create_tab] run_on_main_thread 已排队 label=tab-12
[create_tab] 页签已创建 label=tab-12 url=https://www.baidu.com/s?wd=about%3Ablank
[browser-tabs] navigationFinished id=tab-12 url=https://www.baidu.com/s?wd=about%3Ablank
[main] emit tab-navigated id=tab-12 url=https://www.baidu.com/s?wd=about%3Ablank
[m0-driver tab] cycle 12 done
[spawn_child_window] 子 webview 已创建 label=tab-13
[create_tab] 子窗口已提交创建 label=tab-13 init=(1x1) visible=false
[create_tab] run_on_main_thread 已排队 label=tab-13
[browser-tabs] drift-correct label=tab-13 target=(0,0,1x1) alloc_before=(-1,-1,1x1)
[create_tab] 页签已创建 label=tab-13 url=https://www.baidu.com/s?wd=about%3Ablank
[browser-tabs] navigationFinished id=tab-13 url=https://www.baidu.com/s?wd=about%3Ablank
[main] emit tab-navigated id=tab-13 url=https://www.baidu.com/s?wd=about%3Ablank
[m0-driver tab] cycle 13 done
[browser-tabs] drift-correct label=tab-14 target=(0,0,1x1) alloc_before=(-1,-1,1x1)
[spawn_child_window] 子 webview 已创建 label=tab-14
[create_tab] 子窗口已提交创建 label=tab-14 init=(1x1) visible=false
[create_tab] run_on_main_thread 已排队 label=tab-14
[create_tab] 页签已创建 label=tab-14 url=https://www.baidu.com/s?wd=about%3Ablank
[browser-tabs] navigationFinished id=tab-14 url=https://www.baidu.com/s?wd=about%3Ablank
[main] emit tab-navigated id=tab-14 url=https://www.baidu.com/s?wd=about%3Ablank
[m0-driver tab] cycle 14 done
[spawn_child_window] 子 webview 已创建 label=tab-15
[create_tab] 子窗口已提交创建 label=tab-15 init=(1x1) visible=false
[create_tab] run_on_main_thread 已排队 label=tab-15
[browser-tabs] drift-correct label=tab-15 target=(0,0,1x1) alloc_before=(-1,-1,1x1)
[create_tab] 页签已创建 label=tab-15 url=https://www.baidu.com/s?wd=about%3Ablank
[browser-tabs] navigationFinished id=tab-15 url=https://www.baidu.com/s?wd=about%3Ablank
[main] emit tab-navigated id=tab-15 url=https://www.baidu.com/s?wd=about%3Ablank
[m0-driver tab] cycle 15 done
[spawn_child_window] 子 webview 已创建 label=tab-16
[create_tab] 子窗口已提交创建 label=tab-16 init=(1x1) visible=false
[create_tab] run_on_main_thread 已排队 label=tab-16
[browser-tabs] drift-correct label=tab-16 target=(0,0,1x1) alloc_before=(-1,-1,1x1)
[create_tab] 页签已创建 label=tab-16 url=https://www.baidu.com/s?wd=about%3Ablank
[browser-tabs] navigationFinished id=tab-16 url=https://www.baidu.com/s?wd=about%3Ablank
[main] emit tab-navigated id=tab-16 url=https://www.baidu.com/s?wd=about%3Ablank
[m0-driver tab] cycle 16 done
[spawn_child_window] 子 webview 已创建 label=tab-17
[create_tab] 子窗口已提交创建 label=tab-17 init=(1x1) visible=false
[create_tab] run_on_main_thread 已排队 label=tab-17
[browser-tabs] drift-correct label=tab-17 target=(0,0,1x1) alloc_before=(-1,-1,1x1)
[create_tab] 页签已创建 label=tab-17 url=https://www.baidu.com/s?wd=about%3Ablank
[browser-tabs] navigationFinished id=tab-17 url=https://www.baidu.com/s?wd=about%3Ablank
[main] emit tab-navigated id=tab-17 url=https://www.baidu.com/s?wd=about%3Ablank
[m0-driver tab] cycle 17 done
[spawn_child_window] 子 webview 已创建 label=tab-18
[create_tab] 子窗口已提交创建 label=tab-18 init=(1x1) visible=false
[create_tab] run_on_main_thread 已排队 label=tab-18
[browser-tabs] drift-correct label=tab-18 target=(0,0,1x1) alloc_before=(-1,-1,1x1)
[create_tab] 页签已创建 label=tab-18 url=https://www.baidu.com/s?wd=about%3Ablank
[browser-tabs] navigationFinished id=tab-18 url=https://www.baidu.com/s?wd=about%3Ablank
[main] emit tab-navigated id=tab-18 url=https://www.baidu.com/s?wd=about%3Ablank
[m0-driver tab] cycle 18 done
[spawn_child_window] 子 webview 已创建 label=tab-19
[create_tab] 子窗口已提交创建 label=tab-19 init=(1x1) visible=false
[create_tab] run_on_main_thread 已排队 label=tab-19
[browser-tabs] drift-correct label=tab-19 target=(0,0,1x1) alloc_before=(-1,-1,1x1)
[create_tab] 页签已创建 label=tab-19 url=https://www.baidu.com/s?wd=about%3Ablank
[browser-tabs] navigationFinished id=tab-19 url=https://www.baidu.com/s?wd=about%3Ablank
[main] emit tab-navigated id=tab-19 url=https://www.baidu.com/s?wd=about%3Ablank
[m0-driver tab] cycle 19 done
[spawn_child_window] 子 webview 已创建 label=tab-20
[create_tab] 子窗口已提交创建 label=tab-20 init=(1x1) visible=false
[create_tab] run_on_main_thread 已排队 label=tab-20
[browser-tabs] drift-correct label=tab-20 target=(0,0,1x1) alloc_before=(-1,-1,1x1)
[create_tab] 页签已创建 label=tab-20 url=https://www.baidu.com/s?wd=about%3Ablank
[browser-tabs] navigationFinished id=tab-20 url=https://www.baidu.com/s?wd=about%3Ablank
[main] emit tab-navigated id=tab-20 url=https://www.baidu.com/s?wd=about%3Ablank
[m0-driver tab] cycle 20 done
[spawn_child_window] 子 webview 已创建 label=tab-21
[create_tab] 子窗口已提交创建 label=tab-21 init=(1x1) visible=false
[create_tab] run_on_main_thread 已排队 label=tab-21
[browser-tabs] drift-correct label=tab-21 target=(0,0,1x1) alloc_before=(-1,-1,1x1)
[create_tab] 页签已创建 label=tab-21 url=https://www.baidu.com/s?wd=about%3Ablank
[browser-tabs] navigationFinished id=tab-21 url=https://www.baidu.com/s?wd=about%3Ablank
[main] emit tab-navigated id=tab-21 url=https://www.baidu.com/s?wd=about%3Ablank
[m0-driver tab] cycle 21 done
[spawn_child_window] 子 webview 已创建 label=tab-22
[create_tab] 子窗口已提交创建 label=tab-22 init=(1x1) visible=false
[create_tab] run_on_main_thread 已排队 label=tab-22
[create_tab] 页签已创建 label=tab-22 url=https://www.baidu.com/s?wd=about%3Ablank
[browser-tabs] drift-correct label=tab-22 target=(0,0,1x1) alloc_before=(-1,-1,1x1)
[browser-tabs] navigationFinished id=tab-22 url=https://www.baidu.com/s?wd=about%3Ablank
[main] emit tab-navigated id=tab-22 url=https://www.baidu.com/s?wd=about%3Ablank
[m0-driver tab] cycle 22 done
[spawn_child_window] 子 webview 已创建 label=tab-23
[create_tab] 子窗口已提交创建 label=tab-23 init=(1x1) visible=false
[create_tab] run_on_main_thread 已排队 label=tab-23
[browser-tabs] drift-correct label=tab-23 target=(0,0,1x1) alloc_before=(-1,-1,1x1)
[create_tab] 页签已创建 label=tab-23 url=https://www.baidu.com/s?wd=about%3Ablank
[browser-tabs] navigationFinished id=tab-23 url=https://www.baidu.com/s?wd=about%3Ablank
[main] emit tab-navigated id=tab-23 url=https://www.baidu.com/s?wd=about%3Ablank
[m0-driver tab] cycle 23 done
[spawn_child_window] 子 webview 已创建 label=tab-24
[create_tab] 子窗口已提交创建 label=tab-24 init=(1x1) visible=false
[create_tab] run_on_main_thread 已排队 label=tab-24
[browser-tabs] drift-correct label=tab-24 target=(0,0,1x1) alloc_before=(-1,-1,1x1)
[create_tab] 页签已创建 label=tab-24 url=https://www.baidu.com/s?wd=about%3Ablank
[browser-tabs] navigationFinished id=tab-24 url=https://www.baidu.com/s?wd=about%3Ablank
[main] emit tab-navigated id=tab-24 url=https://www.baidu.com/s?wd=about%3Ablank
[m0-driver tab] cycle 24 done
[spawn_child_window] 子 webview 已创建 label=tab-25
[create_tab] 子窗口已提交创建 label=tab-25 init=(1x1) visible=false
[create_tab] run_on_main_thread 已排队 label=tab-25
[browser-tabs] drift-correct label=tab-25 target=(0,0,1x1) alloc_before=(-1,-1,1x1)
[create_tab] 页签已创建 label=tab-25 url=https://www.baidu.com/s?wd=about%3Ablank
[browser-tabs] navigationFinished id=tab-25 url=https://www.baidu.com/s?wd=about%3Ablank
[main] emit tab-navigated id=tab-25 url=https://www.baidu.com/s?wd=about%3Ablank
[m0-driver tab] cycle 25 done
[m0-driver tab] driver result=PASS
