[crashlog] 会话日志: /tmp/m0m/d31ecae6a2e4/cycle-terminal/data/com.jizhijiandan.mvp/logs/session-20260830-084443-main-pid819715.log (role=main pid=819715)
[main] main window url=Ok(Url { scheme: "tauri", cannot_be_a_base: false, username: "", password: None, host: Some(Domain("localhost")), port: None, path: "", query: None, fragment: None })
[FE] FE alive marker=2026-08-18-r2
[FE] [M0] rAF1 fired
[FE] [M0] rAF2 fired, invoking m0_ready
[m0] m0_ready called run_id="20260830T083630+0800_ac0ecac_release_x11" ready_file=Some("/tmp/m0m/d31ecae6a2e4/reports/cycle-terminal/ready.signal")
[m0-driver terminal] ready ok
[FE] [M0] m0_ready ok run_id=20260830T083630+0800_ac0ecac_release_x11
[m0-driver terminal] cycle 1: term_spawn ok id=term-5872512f-b960-4f96-bfed-942b48cc1024
[m0-driver terminal] cycle 1 done
[m0-driver terminal] cycle 2: term_spawn ok id=term-f29182b7-ee43-47a1-b6f4-667c17c6dc19
[m0-driver terminal] cycle 2 done
[m0-driver terminal] cycle 3: term_spawn ok id=term-f7c34115-a761-4407-b5c6-ddd759ce8b87
[m0-driver terminal] cycle 3 done
[m0-driver terminal] cycle 4: term_spawn ok id=term-e09d7d14-de24-4300-bb90-57d34c6db0c6
[m0-driver terminal] cycle 4 done
[m0-driver terminal] cycle 5: term_spawn ok id=term-cdb8f0ec-22f0-4865-934c-a507877f0f53
[m0-driver terminal] cycle 5 done
[m0-driver terminal] cycle 6: term_spawn ok id=term-3d171ba1-7e0f-4e45-a198-003408609791
[m0-driver terminal] cycle 6 done
[m0-driver terminal] cycle 7: term_spawn ok id=term-3ac7bf11-c63f-4166-b882-c0e9e9ef7511
[m0-driver terminal] cycle 7 done
[m0-driver terminal] cycle 8: term_spawn ok id=term-1b4071a7-5c89-4f3d-85e6-b3545040175b
[m0-driver terminal] cycle 8 done
[m0-driver terminal] cycle 9: term_spawn ok id=term-4c71f1ef-c032-4333-9a91-094f8957712a
[m0-driver terminal] cycle 9 done
[m0-driver terminal] cycle 10: term_spawn ok id=term-3b334509-230e-41bf-aa92-212ac8c23d60
[m0-driver terminal] cycle 10 done
[m0-driver terminal] cycle 11: term_spawn ok id=term-8b55e825-084d-4c82-9ca9-e59a88e1b31a
[m0-driver terminal] cycle 11 done
[m0-driver terminal] cycle 12: term_spawn ok id=term-1dd6d590-b2ca-4008-9ccc-8992e55296a5
[m0-driver terminal] cycle 12 done
[m0-driver terminal] cycle 13: term_spawn ok id=term-d47f5cc1-d27b-45e6-864c-61c106b63185
[m0-driver terminal] cycle 13 done
[m0-driver terminal] cycle 14: term_spawn ok id=term-68069bf2-1056-4fcf-ba1a-0fe77f7c53f3
[m0-driver terminal] cycle 14 done
[m0-driver terminal] cycle 15: term_spawn ok id=term-20992c6f-49d2-454d-995e-45e24db41414
[m0-driver terminal] cycle 15 done
[m0-driver terminal] cycle 16: term_spawn ok id=term-623ab40e-7e6c-4d29-94af-c6ae3b6d434d
[m0-driver terminal] cycle 16 done
[m0-driver terminal] cycle 17: term_spawn ok id=term-271cb02a-68e4-4cac-86f2-0ccce5d217c4
[m0-driver terminal] cycle 17 done
[m0-driver terminal] cycle 18: term_spawn ok id=term-b9e498aa-34f3-4db3-8f99-381c173da3ed
[m0-driver terminal] cycle 18 done
[m0-driver terminal] cycle 19: term_spawn ok id=term-c49c0c1e-013a-4a9f-991a-827061131d34
[m0-driver terminal] cycle 19 done
[m0-driver terminal] cycle 20: term_spawn ok id=term-46aed8bc-6b9d-43ac-a566-fde16a62db12
[m0-driver terminal] cycle 20 done
[m0-driver terminal] cycle 21: term_spawn ok id=term-a38fcd0a-a58e-44a1-8e57-2ad86e8ae286
[m0-driver terminal] cycle 21 done
[m0-driver terminal] cycle 22: term_spawn ok id=term-1337034e-1c87-47ea-8b6b-ad8ed532cd48
[m0-driver terminal] cycle 22 done
[m0-driver terminal] cycle 23: term_spawn ok id=term-633e35dd-dac1-4b01-ac66-6841c35d25a4
[m0-driver terminal] cycle 23 done
[m0-driver terminal] cycle 24: term_spawn ok id=term-e959247e-9e32-4055-8541-1c0b4f6bff59
[m0-driver terminal] cycle 24 done
[m0-driver terminal] cycle 25: term_spawn ok id=term-efbf751c-9769-44aa-9e17-d65c762c7890
[m0-driver terminal] cycle 25 done
[m0-driver terminal] driver result=PASS
