A2 R3 density run — current-shell replica, headless Chrome
columns: content height %% of viewport / content width %% of viewport


### 主尺寸（客户区 = 目标尺寸）

| 状态 | 1920x1080 | 1440x900 | 1366x768 | 1024x720 |
|---|---|---|---|---|
| 默认平静（无扩展行/无侧栏） | 91.8% / 100.0% | 90.1% / 100.0% | 88.4% / 100.0% | 87.6% / 100.0% |
| 地址栏聚焦 → 最近/常用自动展开 | 88.7% / 100.0% | 83.2% / 100.0% | 80.3% / 100.0% | 79.0% / 100.0% |
| ☰ 功能菜单展开 | 88.7% / 100.0% | 86.4% / 100.0% | 84.1% / 100.0% | 79.0% / 100.0% |
| 宫格 AI 模式（群发行常驻 + 宫格设置） | 84.9% / 100.0% | 81.9% / 100.0% | 78.8% / 100.0% | 77.4% / 100.0% |
| 最坏：AI 群发+宫格设置+资源+网址 四行同开 | 79.4% / 100.0% | 75.3% / 100.0% | 71.1% / 100.0% | 69.2% / 100.0% |
| 浏览器右侧 Dock（文件/终端） | 91.8% / 81.3% | 90.1% / 75.0% | 88.4% / 73.6% | 87.6% / 64.8% |
| 左 AI 导航 + 收藏夹 + 右 Dock 三面同开 | 91.8% / 56.3% | 90.1% / 41.7% | 88.4% / 38.5% | 87.6% / 18.0% |
| 精简模式（隐藏活动条与页签条） | 97.6% / 100.0% | 97.1% / 100.0% | 96.6% / 100.0% | 96.4% / 100.0% |
| 模块视图（文件 IDE 固定 260px 树） | 91.8% / 86.5% | 90.1% / 81.9% | 88.4% / 81.0% | 87.6% / 74.6% |

### 敏感度：窗口最大化且存在约 37px 原生标题栏时的客户区

| 状态 | 1920x1043 | 1440x863 | 1366x731 | 1024x683 |
|---|---|---|---|---|
| 默认平静（无扩展行/无侧栏） | 91.5% / 100.0% | 89.7% / 100.0% | 87.8% / 100.0% | 87.0% / 100.0% |
| 地址栏聚焦 → 最近/常用自动展开 | 88.3% / 100.0% | 82.5% / 100.0% | 79.3% / 100.0% | 77.9% / 100.0% |
| ☰ 功能菜单展开 | 88.3% / 100.0% | 85.9% / 100.0% | 83.3% / 100.0% | 77.9% / 100.0% |
| 宫格 AI 模式（群发行常驻 + 宫格设置） | 84.4% / 100.0% | 81.1% / 100.0% | 77.7% / 100.0% | 76.1% / 100.0% |
| 最坏：AI 群发+宫格设置+资源+网址 四行同开 | 78.7% / 100.0% | 74.3% / 100.0% | 69.6% / 100.0% | 67.5% / 100.0% |
| 浏览器右侧 Dock（文件/终端） | 91.5% / 81.3% | 89.7% / 75.0% | 87.8% / 73.6% | 87.0% / 64.8% |
| 左 AI 导航 + 收藏夹 + 右 Dock 三面同开 | 91.5% / 56.3% | 89.7% / 41.7% | 87.8% / 38.5% | 87.0% / 18.0% |
| 精简模式（隐藏活动条与页签条） | 97.5% / 100.0% | 97.0% / 100.0% | 96.4% / 100.0% | 96.2% / 100.0% |
| 模块视图（文件 IDE 固定 260px 树） | 91.5% / 86.5% | 89.7% / 81.9% | 87.8% / 81.0% | 87.0% / 74.6% |

### 明细（chrome 分解，px）

| size | state | density | activity | expand | tabbar | status | chrome | contentH | contentW | btns(top) | btns(tab) |
|---|---|---|---|---|---|---|---|---|---|---|---|
| 1920x1080 | calm | full | 32 | 0 | 31 | 26 | 89 | 991 | 1920 | 19 | 7 |
| 1920x1080 | omni | full | 32 | 33 | 31 | 26 | 122 | 958 | 1920 | 30 | 7 |
| 1920x1080 | more | full | 32 | 33 | 31 | 26 | 122 | 958 | 1920 | 36 | 7 |
| 1920x1080 | gridai | full | 32 | 74 | 31 | 26 | 163 | 917 | 1920 | 35 | 7 |
| 1920x1080 | worst | full | 32 | 133 | 31 | 26 | 222 | 858 | 1920 | 39 | 7 |
| 1920x1080 | dock | full | 32 | 0 | 31 | 26 | 89 | 991 | 1560 | 19 | 7 |
| 1920x1080 | sidestack | full | 32 | 0 | 31 | 26 | 89 | 991 | 1080 | 19 | 7 |
| 1920x1080 | compact | full | 0 | 0 | 0 | 26 | 26 | 1054 | 1920 | 0 | 0 |
| 1920x1080 | module | full | 32 | 0 | 31 | 26 | 89 | 991 | 1660 | 19 | 7 |
| 1440x900 | calm | full | 32 | 0 | 31 | 26 | 89 | 811 | 1440 | 19 | 7 |
| 1440x900 | omni | full | 32 | 62 | 31 | 26 | 151 | 749 | 1440 | 30 | 7 |
| 1440x900 | more | full | 32 | 33 | 31 | 26 | 122 | 778 | 1440 | 36 | 7 |
| 1440x900 | gridai | full | 32 | 74 | 31 | 26 | 163 | 737 | 1440 | 35 | 7 |
| 1440x900 | worst | full | 32 | 133 | 31 | 26 | 222 | 678 | 1440 | 39 | 7 |
| 1440x900 | dock | full | 32 | 0 | 31 | 26 | 89 | 811 | 1080 | 19 | 7 |
| 1440x900 | sidestack | full | 32 | 0 | 31 | 26 | 89 | 811 | 600 | 19 | 7 |
| 1440x900 | compact | full | 0 | 0 | 0 | 26 | 26 | 874 | 1440 | 0 | 0 |
| 1440x900 | module | full | 32 | 0 | 31 | 26 | 89 | 811 | 1180 | 19 | 7 |
| 1366x768 | calm | full | 32 | 0 | 31 | 26 | 89 | 679 | 1366 | 19 | 7 |
| 1366x768 | omni | full | 32 | 62 | 31 | 26 | 151 | 617 | 1366 | 30 | 7 |
| 1366x768 | more | full | 32 | 33 | 31 | 26 | 122 | 646 | 1366 | 36 | 7 |
| 1366x768 | gridai | full | 32 | 74 | 31 | 26 | 163 | 605 | 1366 | 35 | 7 |
| 1366x768 | worst | full | 32 | 133 | 31 | 26 | 222 | 546 | 1366 | 39 | 7 |
| 1366x768 | dock | full | 32 | 0 | 31 | 26 | 89 | 679 | 1006 | 19 | 7 |
| 1366x768 | sidestack | full | 32 | 0 | 31 | 26 | 89 | 679 | 526 | 19 | 7 |
| 1366x768 | compact | full | 0 | 0 | 0 | 26 | 26 | 742 | 1366 | 0 | 0 |
| 1366x768 | module | full | 32 | 0 | 31 | 26 | 89 | 679 | 1106 | 19 | 7 |
| 1024x720 | calm | compact | 32 | 0 | 31 | 26 | 89 | 631 | 1024 | 17 | 7 |
| 1024x720 | omni | compact | 32 | 62 | 31 | 26 | 151 | 569 | 1024 | 28 | 7 |
| 1024x720 | more | compact | 32 | 62 | 31 | 26 | 151 | 569 | 1024 | 34 | 7 |
| 1024x720 | gridai | compact | 32 | 74 | 31 | 26 | 163 | 557 | 1024 | 33 | 7 |
| 1024x720 | worst | compact | 32 | 133 | 31 | 26 | 222 | 498 | 1024 | 37 | 7 |
| 1024x720 | dock | compact | 32 | 0 | 31 | 26 | 89 | 631 | 664 | 17 | 7 |
| 1024x720 | sidestack | compact | 32 | 0 | 31 | 26 | 89 | 631 | 184 | 17 | 7 |
| 1024x720 | compact | compact | 0 | 0 | 0 | 26 | 26 | 694 | 1024 | 0 | 0 |
| 1024x720 | module | compact | 32 | 0 | 31 | 26 | 89 | 631 | 764 | 17 | 7 |
| 1920x1043 | calm | full | 32 | 0 | 31 | 26 | 89 | 954 | 1920 | 19 | 7 |
| 1920x1043 | omni | full | 32 | 33 | 31 | 26 | 122 | 921 | 1920 | 30 | 7 |
| 1920x1043 | more | full | 32 | 33 | 31 | 26 | 122 | 921 | 1920 | 36 | 7 |
| 1920x1043 | gridai | full | 32 | 74 | 31 | 26 | 163 | 880 | 1920 | 35 | 7 |
| 1920x1043 | worst | full | 32 | 133 | 31 | 26 | 222 | 821 | 1920 | 39 | 7 |
| 1920x1043 | dock | full | 32 | 0 | 31 | 26 | 89 | 954 | 1560 | 19 | 7 |
| 1920x1043 | sidestack | full | 32 | 0 | 31 | 26 | 89 | 954 | 1080 | 19 | 7 |
| 1920x1043 | compact | full | 0 | 0 | 0 | 26 | 26 | 1017 | 1920 | 0 | 0 |
| 1920x1043 | module | full | 32 | 0 | 31 | 26 | 89 | 954 | 1660 | 19 | 7 |
| 1440x863 | calm | full | 32 | 0 | 31 | 26 | 89 | 774 | 1440 | 19 | 7 |
| 1440x863 | omni | full | 32 | 62 | 31 | 26 | 151 | 712 | 1440 | 30 | 7 |
| 1440x863 | more | full | 32 | 33 | 31 | 26 | 122 | 741 | 1440 | 36 | 7 |
| 1440x863 | gridai | full | 32 | 74 | 31 | 26 | 163 | 700 | 1440 | 35 | 7 |
| 1440x863 | worst | full | 32 | 133 | 31 | 26 | 222 | 641 | 1440 | 39 | 7 |
| 1440x863 | dock | full | 32 | 0 | 31 | 26 | 89 | 774 | 1080 | 19 | 7 |
| 1440x863 | sidestack | full | 32 | 0 | 31 | 26 | 89 | 774 | 600 | 19 | 7 |
| 1440x863 | compact | full | 0 | 0 | 0 | 26 | 26 | 837 | 1440 | 0 | 0 |
| 1440x863 | module | full | 32 | 0 | 31 | 26 | 89 | 774 | 1180 | 19 | 7 |
| 1366x731 | calm | full | 32 | 0 | 31 | 26 | 89 | 642 | 1366 | 19 | 7 |
| 1366x731 | omni | full | 32 | 62 | 31 | 26 | 151 | 580 | 1366 | 30 | 7 |
| 1366x731 | more | full | 32 | 33 | 31 | 26 | 122 | 609 | 1366 | 36 | 7 |
| 1366x731 | gridai | full | 32 | 74 | 31 | 26 | 163 | 568 | 1366 | 35 | 7 |
| 1366x731 | worst | full | 32 | 133 | 31 | 26 | 222 | 509 | 1366 | 39 | 7 |
| 1366x731 | dock | full | 32 | 0 | 31 | 26 | 89 | 642 | 1006 | 19 | 7 |
| 1366x731 | sidestack | full | 32 | 0 | 31 | 26 | 89 | 642 | 526 | 19 | 7 |
| 1366x731 | compact | full | 0 | 0 | 0 | 26 | 26 | 705 | 1366 | 0 | 0 |
| 1366x731 | module | full | 32 | 0 | 31 | 26 | 89 | 642 | 1106 | 19 | 7 |
| 1024x683 | calm | compact | 32 | 0 | 31 | 26 | 89 | 594 | 1024 | 17 | 7 |
| 1024x683 | omni | compact | 32 | 62 | 31 | 26 | 151 | 532 | 1024 | 28 | 7 |
| 1024x683 | more | compact | 32 | 62 | 31 | 26 | 151 | 532 | 1024 | 34 | 7 |
| 1024x683 | gridai | compact | 32 | 74 | 31 | 26 | 163 | 520 | 1024 | 33 | 7 |
| 1024x683 | worst | compact | 32 | 133 | 31 | 26 | 222 | 461 | 1024 | 37 | 7 |
| 1024x683 | dock | compact | 32 | 0 | 31 | 26 | 89 | 594 | 664 | 17 | 7 |
| 1024x683 | sidestack | compact | 32 | 0 | 31 | 26 | 89 | 594 | 184 | 17 | 7 |
| 1024x683 | compact | compact | 0 | 0 | 0 | 26 | 26 | 657 | 1024 | 0 | 0 |
| 1024x683 | module | compact | 32 | 0 | 31 | 26 | 89 | 594 | 764 | 17 | 7 |
| 900x600 | calm | compact | 32 | 0 | 31 | 26 | 89 | 511 | 900 | 17 | 7 |
| 900x600 | omni | compact | 32 | 62 | 31 | 26 | 151 | 449 | 900 | 28 | 7 |
| 900x600 | more | compact | 32 | 62 | 31 | 26 | 151 | 449 | 900 | 34 | 7 |
| 900x600 | gridai | compact | 32 | 74 | 31 | 26 | 163 | 437 | 900 | 33 | 7 |
| 900x600 | worst | compact | 32 | 133 | 31 | 26 | 222 | 378 | 900 | 37 | 7 |
| 900x600 | dock | compact | 32 | 0 | 31 | 26 | 89 | 511 | 540 | 17 | 7 |
| 900x600 | sidestack | compact | 32 | 0 | 46 | 26 | 104 | 496 | 60 | 17 | 7 |
| 900x600 | compact | compact | 0 | 0 | 0 | 26 | 26 | 574 | 900 | 0 | 0 |
| 900x600 | module | compact | 32 | 0 | 31 | 26 | 89 | 511 | 640 | 17 | 7 |
| 800x600 | calm | icon | 32 | 0 | 31 | 26 | 89 | 511 | 800 | 15 | 7 |
| 800x600 | omni | icon | 32 | 74 | 31 | 26 | 163 | 437 | 800 | 26 | 7 |
| 800x600 | more | icon | 32 | 62 | 31 | 26 | 151 | 449 | 800 | 32 | 7 |
| 800x600 | gridai | icon | 32 | 100 | 31 | 26 | 189 | 411 | 800 | 31 | 7 |
| 800x600 | worst | icon | 32 | 189 | 31 | 26 | 278 | 322 | 800 | 35 | 7 |
| 800x600 | dock | icon | 32 | 0 | 31 | 26 | 89 | 511 | 440 | 15 | 7 |
| 800x600 | sidestack | icon | 32 | 0 | 46 | 26 | 104 | 496 | 0 | 15 | 7 |
| 800x600 | compact | icon | 0 | 0 | 0 | 26 | 26 | 574 | 800 | 0 | 0 |
| 800x600 | module | icon | 32 | 0 | 31 | 26 | 89 | 511 | 540 | 15 | 7 |
