A2 R3B canonical geometry run — headless Chrome Google Chrome 150.0.7871.128
sizes: 1920x1080 1440x900 1366x768 1200x800 1024x720 900x600
A0 SSOT: top chrome 60px (2x30) / status 24px / collapsed rail 28px / collapsed >=85%% H and >=92%% W / inner viewport, OS titlebar excluded

## A. 派生值（A0 公式，纯算术，未经过布局引擎）

| 尺寸 | 内容高 px | 内容宽 px | 高占比 | 宽占比 | ≥85% 高 | ≥92% 宽 |
|---|---|---|---|---|---|---|
| 1920x1080 | 996 | 1892 | 92.22% | 98.54% | PASS | PASS |
| 1440x900 | 816 | 1412 | 90.67% | 98.06% | PASS | PASS |
| 1366x768 | 684 | 1338 | 89.06% | 97.95% | PASS | PASS |
| 1200x800 | 716 | 1172 | 89.50% | 97.67% | PASS | PASS |
| 1024x720 | 636 | 996 | 88.33% | 97.27% | PASS | PASS |
| 900x600 | 516 | 872 | 86.00% | 96.89% | PASS | PASS |

## B. 修订复刻实测 vs 派生（measured vs derived）

| 状态 | 1920x1080 | 1440x900 | 1366x768 | 1200x800 | 1024x720 | 900x600 |
|---|---|---|---|---|---|---|
| 折叠全部（A0 验收态，28px 条保留） | 92.22% / 98.54% | 90.67% / 98.06% | 89.06% / 97.95% | 89.50% / 97.67% | 88.33% / 97.27% | 86.00% / 96.89% |
| 左工具窗口 min(260,0.25W) | 92.22% / 85.00% | 90.67% / 80.00% | 89.06% / 78.92% | 89.50% / 76.00% | 88.33% / 72.27% | 86.00% / 71.89% |
| 右工具窗口 min(320,0.28W) | 92.22% / 81.88% | 90.67% / 75.83% | 89.06% / 74.52% | 89.50% / 71.00% | 88.33% / 69.34% | 86.00% / 68.89% |
| 底工具窗口 min(240,0.30H) | 70.00% / 98.54% | 64.00% / 98.06% | 59.11% / 97.95% | 59.50% / 97.67% | 58.33% / 97.27% | 56.00% / 96.89% |
| 左右同开 | 92.22% / 68.33% | 90.67% / 57.78% | 89.06% / 55.49% | 89.50% / 49.33% | 88.33% / 44.34% | 86.00% / 43.89% |
| 焦点模式（A0 未冻结，仅供参考） | 100.00% / 100.00% | 100.00% / 100.00% | 100.00% / 100.00% | 100.00% / 100.00% | 100.00% / 100.00% | 100.00% / 100.00% |

折叠态 measured − derived：

| 尺寸 | 高 measured | 高 derived | Δpp | 宽 measured | 宽 derived | Δpp |
|---|---|---|---|---|---|---|
| 1920x1080 | 92.22% | 92.22% | -0.00 | 98.54% | 98.54% | -0.00 |
| 1440x900 | 90.67% | 90.67% | +0.00 | 98.06% | 98.06% | +0.00 |
| 1366x768 | 89.06% | 89.06% | -0.00 | 97.95% | 97.95% | -0.00 |
| 1200x800 | 89.50% | 89.50% | +0.00 | 97.67% | 97.67% | +0.00 |
| 1024x720 | 88.33% | 88.33% | -0.00 | 97.27% | 97.27% | +0.00 |
| 900x600 | 86.00% | 86.00% | +0.00 | 96.89% | 96.89% | +0.00 |

## C. 当前外壳实测（baseline replica，同一 A0 口径：内容占 inner viewport）

| 状态 | 1920x1080 | 1440x900 | 1366x768 | 1200x800 | 1024x720 | 900x600 |
|---|---|---|---|---|---|---|
| 平静（无扩展行/无侧栏） | 91.80% / 100.00% | 90.10% / 100.00% | 88.40% / 100.00% | 88.90% / 100.00% | 87.60% / 100.00% | 85.20% / 100.00% |
| 地址栏聚焦→最近/常用自动展开 | 88.70% / 100.00% | 83.20% / 100.00% | 80.30% / 100.00% | 81.10% / 100.00% | 79.00% / 100.00% | 74.80% / 100.00% |
| ☰ 功能菜单展开 | 88.70% / 100.00% | 86.40% / 100.00% | 84.10% / 100.00% | 81.10% / 100.00% | 79.00% / 100.00% | 74.80% / 100.00% |
| 宫格 AI 模式（群发行常驻+设置行） | 84.90% / 100.00% | 81.90% / 100.00% | 78.80% / 100.00% | 79.60% / 100.00% | 77.40% / 100.00% | 72.80% / 100.00% |
| 最坏：AI 群发+宫格设置+资源+网址 | 79.40% / 100.00% | 75.30% / 100.00% | 71.10% / 100.00% | 72.30% / 100.00% | 69.20% / 100.00% | 63.00% / 100.00% |
| 右侧 Dock（文件/终端） | 91.80% / 81.30% | 90.10% / 75.00% | 88.40% / 73.60% | 88.90% / 70.00% | 87.60% / 64.80% | 85.20% / 60.00% |
| 左 AI 导航+收藏夹+右 Dock 三面同开 | 91.80% / 56.30% | 90.10% / 41.70% | 88.40% / 38.50% | 88.90% / 30.00% | 87.60% / 18.00% | 82.70% / 6.70% |
| 精简模式（隐藏活动条+页签条） | 97.60% / 100.00% | 97.10% / 100.00% | 96.60% / 100.00% | 96.80% / 100.00% | 96.40% / 100.00% | 95.70% / 100.00% |
| 模块视图（文件树 260px） | 91.80% / 86.50% | 90.10% / 81.90% | 88.40% / 81.00% | 88.90% / 78.30% | 87.60% / 74.60% | 85.20% / 71.10% |

## D. 门禁断言

| # | 断言 | 结果 | 说明 |
|---|---|---|---|
| | G1 修订顶栏 = 60px | PASS | all states/sizes 60px |
| | G2 状态栏 = 24px | PASS | all 24px |
| | G3 折叠条 = 28px | PASS | all 28px |
| | G4 折叠态高 ≥ 85%（六尺寸） | PASS | min 86.00% |
| | G5 折叠态宽 ≥ 92%（六尺寸） | PASS | min 96.89% |
| | G6 任何状态内容面不为 0 | PASS | all > 0 (min 395x336) |
| | G7 30px 行无因溢出而增高（溢出走裁剪） | PASS | 无裁剪 |

基线发现（BEFORE，默认不入门禁；`--strict` 时并入）：

| # | 断言 | 结果 | 说明 |
|---|---|---|---|
| | B1 基线顶栏 = 60px | FAIL | 实测 63/63/63/63/63/63（活动条+扩展行+页签条，平静态） |
| | B2 基线状态栏 = 24px | FAIL | 实测 26px |
| | B3 基线平静态高 ≥ 85% | PASS | min 85.20% |
| | B4 基线平静态宽 ≥ 92% | PASS | min 100.00% |
| | B5 基线最坏态高 ≥ 85% | FAIL | min 63.00%（低于阈值：1920x1080, 1440x900, 1366x768, 1200x800, 1024x720, 900x600） |
| | B6 基线无 0 宽内容面 | PASS | 全部 > 0 |
| | U1 提案：工具窗口打开后内容宽 ≥ 480px | FAIL | 1024x720/leftright=454px; 900x600/leftright=395px |
| | U2 提案：工具窗口打开后内容高 ≥ 300px | PASS | min 336px |

## E. 明细（修订复刻，px）

| size | state | topH | rowA | rowB | status | rail | left | right | bottom | contentH | contentW | clipA | clipB |
|---|---|---|---|---|---|---|---|---|---|---|---|---|---|
| 1920x1080 | collapsed | 60 | 30 | 30 | 24 | 28 | 0 | 0 | 0 | 996 | 1892 | 0 | 0 |
| 1920x1080 | left | 60 | 30 | 30 | 24 | 28 | 260 | 0 | 0 | 996 | 1632 | 0 | 0 |
| 1920x1080 | right | 60 | 30 | 30 | 24 | 28 | 0 | 320 | 0 | 996 | 1572 | 0 | 0 |
| 1920x1080 | bottom | 60 | 30 | 30 | 24 | 28 | 0 | 0 | 240 | 756 | 1892 | 0 | 0 |
| 1920x1080 | leftright | 60 | 30 | 30 | 24 | 28 | 260 | 320 | 0 | 996 | 1312 | 0 | 0 |
| 1920x1080 | focus | 0 | 0 | 0 | 0 | 0 | 0 | 0 | 0 | 1080 | 1920 | 0 | 0 |
| 1440x900 | collapsed | 60 | 30 | 30 | 24 | 28 | 0 | 0 | 0 | 816 | 1412 | 0 | 0 |
| 1440x900 | left | 60 | 30 | 30 | 24 | 28 | 260 | 0 | 0 | 816 | 1152 | 0 | 0 |
| 1440x900 | right | 60 | 30 | 30 | 24 | 28 | 0 | 320 | 0 | 816 | 1092 | 0 | 0 |
| 1440x900 | bottom | 60 | 30 | 30 | 24 | 28 | 0 | 0 | 240 | 576 | 1412 | 0 | 0 |
| 1440x900 | leftright | 60 | 30 | 30 | 24 | 28 | 260 | 320 | 0 | 816 | 832 | 0 | 0 |
| 1440x900 | focus | 0 | 0 | 0 | 0 | 0 | 0 | 0 | 0 | 900 | 1440 | 0 | 0 |
| 1366x768 | collapsed | 60 | 30 | 30 | 24 | 28 | 0 | 0 | 0 | 684 | 1338 | 0 | 0 |
| 1366x768 | left | 60 | 30 | 30 | 24 | 28 | 260 | 0 | 0 | 684 | 1078 | 0 | 0 |
| 1366x768 | right | 60 | 30 | 30 | 24 | 28 | 0 | 320 | 0 | 684 | 1018 | 0 | 0 |
| 1366x768 | bottom | 60 | 30 | 30 | 24 | 28 | 0 | 0 | 230 | 454 | 1338 | 0 | 0 |
| 1366x768 | leftright | 60 | 30 | 30 | 24 | 28 | 260 | 320 | 0 | 684 | 758 | 0 | 0 |
| 1366x768 | focus | 0 | 0 | 0 | 0 | 0 | 0 | 0 | 0 | 768 | 1366 | 0 | 0 |
| 1200x800 | collapsed | 60 | 30 | 30 | 24 | 28 | 0 | 0 | 0 | 716 | 1172 | 0 | 0 |
| 1200x800 | left | 60 | 30 | 30 | 24 | 28 | 260 | 0 | 0 | 716 | 912 | 0 | 0 |
| 1200x800 | right | 60 | 30 | 30 | 24 | 28 | 0 | 320 | 0 | 716 | 852 | 0 | 0 |
| 1200x800 | bottom | 60 | 30 | 30 | 24 | 28 | 0 | 0 | 240 | 476 | 1172 | 0 | 0 |
| 1200x800 | leftright | 60 | 30 | 30 | 24 | 28 | 260 | 320 | 0 | 716 | 592 | 0 | 0 |
| 1200x800 | focus | 0 | 0 | 0 | 0 | 0 | 0 | 0 | 0 | 800 | 1200 | 0 | 0 |
| 1024x720 | collapsed | 60 | 30 | 30 | 24 | 28 | 0 | 0 | 0 | 636 | 996 | 0 | 0 |
| 1024x720 | left | 60 | 30 | 30 | 24 | 28 | 256 | 0 | 0 | 636 | 740 | 0 | 0 |
| 1024x720 | right | 60 | 30 | 30 | 24 | 28 | 0 | 286 | 0 | 636 | 710 | 0 | 0 |
| 1024x720 | bottom | 60 | 30 | 30 | 24 | 28 | 0 | 0 | 216 | 420 | 996 | 0 | 0 |
| 1024x720 | leftright | 60 | 30 | 30 | 24 | 28 | 256 | 286 | 0 | 636 | 454 | 0 | 0 |
| 1024x720 | focus | 0 | 0 | 0 | 0 | 0 | 0 | 0 | 0 | 720 | 1024 | 0 | 0 |
| 900x600 | collapsed | 60 | 30 | 30 | 24 | 28 | 0 | 0 | 0 | 516 | 872 | 0 | 0 |
| 900x600 | left | 60 | 30 | 30 | 24 | 28 | 225 | 0 | 0 | 516 | 647 | 0 | 0 |
| 900x600 | right | 60 | 30 | 30 | 24 | 28 | 0 | 252 | 0 | 516 | 620 | 0 | 0 |
| 900x600 | bottom | 60 | 30 | 30 | 24 | 28 | 0 | 0 | 180 | 336 | 872 | 0 | 0 |
| 900x600 | leftright | 60 | 30 | 30 | 24 | 28 | 225 | 252 | 0 | 516 | 395 | 0 | 0 |
| 900x600 | focus | 0 | 0 | 0 | 0 | 0 | 0 | 0 | 0 | 600 | 900 | 0 | 0 |

## F. 明细（当前基线，px）

| size | state | activity | expand | tabbar | status | topChrome | contentH | contentW | btnsTop | btnsTab |
|---|---|---|---|---|---|---|---|---|---|---|
| 1920x1080 | calm | 32 | 0 | 31 | 26 | 63 | 991 | 1920 | 19 | 7 |
| 1920x1080 | omni | 32 | 33 | 31 | 26 | 96 | 958 | 1920 | 30 | 7 |
| 1920x1080 | more | 32 | 33 | 31 | 26 | 96 | 958 | 1920 | 36 | 7 |
| 1920x1080 | gridai | 32 | 74 | 31 | 26 | 137 | 917 | 1920 | 35 | 7 |
| 1920x1080 | worst | 32 | 133 | 31 | 26 | 196 | 858 | 1920 | 39 | 7 |
| 1920x1080 | dock | 32 | 0 | 31 | 26 | 63 | 991 | 1560 | 19 | 7 |
| 1920x1080 | sidestack | 32 | 0 | 31 | 26 | 63 | 991 | 1080 | 19 | 7 |
| 1920x1080 | compact | 0 | 0 | 0 | 26 | 0 | 1054 | 1920 | 0 | 0 |
| 1920x1080 | module | 32 | 0 | 31 | 26 | 63 | 991 | 1660 | 19 | 7 |
| 1440x900 | calm | 32 | 0 | 31 | 26 | 63 | 811 | 1440 | 19 | 7 |
| 1440x900 | omni | 32 | 62 | 31 | 26 | 125 | 749 | 1440 | 30 | 7 |
| 1440x900 | more | 32 | 33 | 31 | 26 | 96 | 778 | 1440 | 36 | 7 |
| 1440x900 | gridai | 32 | 74 | 31 | 26 | 137 | 737 | 1440 | 35 | 7 |
| 1440x900 | worst | 32 | 133 | 31 | 26 | 196 | 678 | 1440 | 39 | 7 |
| 1440x900 | dock | 32 | 0 | 31 | 26 | 63 | 811 | 1080 | 19 | 7 |
| 1440x900 | sidestack | 32 | 0 | 31 | 26 | 63 | 811 | 600 | 19 | 7 |
| 1440x900 | compact | 0 | 0 | 0 | 26 | 0 | 874 | 1440 | 0 | 0 |
| 1440x900 | module | 32 | 0 | 31 | 26 | 63 | 811 | 1180 | 19 | 7 |
| 1366x768 | calm | 32 | 0 | 31 | 26 | 63 | 679 | 1366 | 19 | 7 |
| 1366x768 | omni | 32 | 62 | 31 | 26 | 125 | 617 | 1366 | 30 | 7 |
| 1366x768 | more | 32 | 33 | 31 | 26 | 96 | 646 | 1366 | 36 | 7 |
| 1366x768 | gridai | 32 | 74 | 31 | 26 | 137 | 605 | 1366 | 35 | 7 |
| 1366x768 | worst | 32 | 133 | 31 | 26 | 196 | 546 | 1366 | 39 | 7 |
| 1366x768 | dock | 32 | 0 | 31 | 26 | 63 | 679 | 1006 | 19 | 7 |
| 1366x768 | sidestack | 32 | 0 | 31 | 26 | 63 | 679 | 526 | 19 | 7 |
| 1366x768 | compact | 0 | 0 | 0 | 26 | 0 | 742 | 1366 | 0 | 0 |
| 1366x768 | module | 32 | 0 | 31 | 26 | 63 | 679 | 1106 | 19 | 7 |
| 1200x800 | calm | 32 | 0 | 31 | 26 | 63 | 711 | 1200 | 19 | 7 |
| 1200x800 | omni | 32 | 62 | 31 | 26 | 125 | 649 | 1200 | 30 | 7 |
| 1200x800 | more | 32 | 62 | 31 | 26 | 125 | 649 | 1200 | 36 | 7 |
| 1200x800 | gridai | 32 | 74 | 31 | 26 | 137 | 637 | 1200 | 35 | 7 |
| 1200x800 | worst | 32 | 133 | 31 | 26 | 196 | 578 | 1200 | 39 | 7 |
| 1200x800 | dock | 32 | 0 | 31 | 26 | 63 | 711 | 840 | 19 | 7 |
| 1200x800 | sidestack | 32 | 0 | 31 | 26 | 63 | 711 | 360 | 19 | 7 |
| 1200x800 | compact | 0 | 0 | 0 | 26 | 0 | 774 | 1200 | 0 | 0 |
| 1200x800 | module | 32 | 0 | 31 | 26 | 63 | 711 | 940 | 19 | 7 |
| 1024x720 | calm | 32 | 0 | 31 | 26 | 63 | 631 | 1024 | 17 | 7 |
| 1024x720 | omni | 32 | 62 | 31 | 26 | 125 | 569 | 1024 | 28 | 7 |
| 1024x720 | more | 32 | 62 | 31 | 26 | 125 | 569 | 1024 | 34 | 7 |
| 1024x720 | gridai | 32 | 74 | 31 | 26 | 137 | 557 | 1024 | 33 | 7 |
| 1024x720 | worst | 32 | 133 | 31 | 26 | 196 | 498 | 1024 | 37 | 7 |
| 1024x720 | dock | 32 | 0 | 31 | 26 | 63 | 631 | 664 | 17 | 7 |
| 1024x720 | sidestack | 32 | 0 | 31 | 26 | 63 | 631 | 184 | 17 | 7 |
| 1024x720 | compact | 0 | 0 | 0 | 26 | 0 | 694 | 1024 | 0 | 0 |
| 1024x720 | module | 32 | 0 | 31 | 26 | 63 | 631 | 764 | 17 | 7 |
| 900x600 | calm | 32 | 0 | 31 | 26 | 63 | 511 | 900 | 17 | 7 |
| 900x600 | omni | 32 | 62 | 31 | 26 | 125 | 449 | 900 | 28 | 7 |
| 900x600 | more | 32 | 62 | 31 | 26 | 125 | 449 | 900 | 34 | 7 |
| 900x600 | gridai | 32 | 74 | 31 | 26 | 137 | 437 | 900 | 33 | 7 |
| 900x600 | worst | 32 | 133 | 31 | 26 | 196 | 378 | 900 | 37 | 7 |
| 900x600 | dock | 32 | 0 | 31 | 26 | 63 | 511 | 540 | 17 | 7 |
| 900x600 | sidestack | 32 | 0 | 46 | 26 | 78 | 496 | 60 | 17 | 7 |
| 900x600 | compact | 0 | 0 | 0 | 26 | 0 | 574 | 900 | 0 | 0 |
| 900x600 | module | 32 | 0 | 31 | 26 | 63 | 511 | 640 | 17 | 7 |

## G. 口径说明（measured vs derived）

- derived：按 A0 公式直接算术，输入只有 W/H 与 60/24/28 三个常量。
- measured：无头 Chrome 对上述两个复刻页真实布局后取 getBoundingClientRect()。
- 修订复刻的 Δ 预期为 0：该页就是把公式写成 CSS，用来验证**编码一致**并抓溢出/换行，
  它不构成对物理客户端的独立证据（native GUI 未跑，记 NOT_RUN）。
- 基线复刻是把产品 CSS 常量逐条抄录的产物，误差来自：字体度量、桌面滚动条占位、
  扩展行换行、模块视图内部分栏未建模、OS 标题栏（A0 口径已排除）。

GATE: PASS
