[crashlog] 会话日志: /tmp/m0m/dd07b006f365/cycle-tab/data/com.jizhijiandan.mvp/logs/session-20260830-085057-main-pid825207.log (role=main pid=825207)
[main] main window url=Ok(Url { scheme: "tauri", cannot_be_a_base: false, username: "", password: None, host: Some(Domain("localhost")), port: None, path: "", query: None, fragment: None })
[FE] FE alive marker=2026-08-18-r2
[FE] [M0] rAF1 fired
[FE] [M0] rAF2 fired, invoking m0_ready
[m0] m0_ready called run_id="20260830T084918+0800_ac0ecac_release_x11" ready_file=Some("/tmp/m0m/dd07b006f365/reports/cycle-tab/ready.signal")
[FE] [M0] m0_ready ok run_id=20260830T084918+0800_ac0ecac_release_x11
[m0-driver tab] ready ok
[browser-tabs] drift-correct label=tab-1 target=(0,0,1x1) alloc_before=(-1,-1,1x1)
[spawn_child_window] 子 webview 已创建 label=tab-1
[create_tab] 子窗口已提交创建 label=tab-1 init=(1x1) visible=false
[create_tab] run_on_main_thread 已排队 label=tab-1
[create_tab] 页签已创建 label=tab-1 url=https://www.baidu.com/s?wd=about%3Ablank
[browser-tabs] navigationFinished id=tab-1 url=https://www.baidu.com/s?wd=about%3Ablank
[main] emit tab-navigated id=tab-1 url=https://www.baidu.com/s?wd=about%3Ablank
[browser-tabs] navigationFinished id=tab-1 url=https://wappass.baidu.com/static/captcha/tuxing_v2.html?&logid=10271213294271238543&ak=c27bbc89afca0463650ac9bde68ebe06&backurl=https%3A%2F%2Fwww.baidu.com%2Fs%3Fwd%3Dabout%253Ablank&ext=x9G9QDmMXq%2FNo87gjGO0PysZf0OcvmNY0JcxStf2U%2B5WkhrGqVqihBVl6ZY8QtPHg1T9i%2F9aWxTqDk%2BHyX%2BPs3fsmjm5eeVO6mzC4A6SEd6t52rlpnPbf9iBw4H6WThmu4VvGFPlp15wo%2BE5UdUXTw%3D%3D&signature=23a6c4646e07340cdef51e6e2523c0c0&timestamp=1788051059
[main] emit tab-navigated id=tab-1 url=https://wappass.baidu.com/static/captcha/tuxing_v2.html?&logid=10271213294271238543&ak=c27bbc89afca0463650ac9bde68ebe06&backurl=https%3A%2F%2Fwww.baidu.com%2Fs%3Fwd%3Dabout%253Ablank&ext=x9G9QDmMXq%2FNo87gjGO0PysZf0OcvmNY0JcxStf2U%2B5WkhrGqVqihBVl6ZY8QtPHg1T9i%2F9aWxTqDk%2BHyX%2BPs3fsmjm5eeVO6mzC4A6SEd6t52rlpnPbf9iBw4H6WThmu4VvGFPlp15wo%2BE5UdUXTw%3D%3D&signature=23a6c4646e07340cdef51e6e2523c0c0&timestamp=1788051059
[browser-tabs] navigationFinished id=tab-1 url=about:blank
[main] emit tab-navigated id=tab-1 url=about:blank
[browser-tabs] navigationFinished id=tab-1 url=about:blank
[main] emit tab-navigated id=tab-1 url=about:blank
[m0-driver tab] cycle 1 done
[spawn_child_window] 子 webview 已创建 label=tab-2
[create_tab] 子窗口已提交创建 label=tab-2 init=(1x1) visible=false
[browser-tabs] drift-correct label=tab-2 target=(0,0,1x1) alloc_before=(-1,-1,1x1)
[create_tab] run_on_main_thread 已排队 label=tab-2
[create_tab] 页签已创建 label=tab-2 url=https://www.baidu.com/s?wd=about%3Ablank
[browser-tabs] navigationFinished id=tab-2 url=https://www.baidu.com/s?wd=about%3Ablank
[main] emit tab-navigated id=tab-2 url=https://www.baidu.com/s?wd=about%3Ablank
[browser-tabs] navigationFinished id=tab-2 url=https://wappass.baidu.com/static/captcha/tuxing_v2.html?&logid=11010053231013811424&ak=c27bbc89afca0463650ac9bde68ebe06&backurl=https%3A%2F%2Fwww.baidu.com%2Fs%3Fwd%3Dabout%253Ablank&ext=x9G9QDmMXq%2FNo87gjGO0PxySlMl1GgJ6z13yDTzotnAmQTcmpWyo3%2FdfvHZy90eGg1T9i%2F9aWxTqDk%2BHyX%2BPs9byRAJa1xKjVKgv6G%2FemV5IIB7URDciwb4Wfa7oJDxfu4VvGFPlp15wo%2BE5UdUXTw%3D%3D&signature=0bc9f8f6740a3829416c128fe6393f7d&timestamp=1788051064
[main] emit tab-navigated id=tab-2 url=https://wappass.baidu.com/static/captcha/tuxing_v2.html?&logid=11010053231013811424&ak=c27bbc89afca0463650ac9bde68ebe06&backurl=https%3A%2F%2Fwww.baidu.com%2Fs%3Fwd%3Dabout%253Ablank&ext=x9G9QDmMXq%2FNo87gjGO0PxySlMl1GgJ6z13yDTzotnAmQTcmpWyo3%2FdfvHZy90eGg1T9i%2F9aWxTqDk%2BHyX%2BPs9byRAJa1xKjVKgv6G%2FemV5IIB7URDciwb4Wfa7oJDxfu4VvGFPlp15wo%2BE5UdUXTw%3D%3D&signature=0bc9f8f6740a3829416c128fe6393f7d&timestamp=1788051064
[browser-tabs] navigationFinished id=tab-2 url=about:blank
[main] emit tab-navigated id=tab-2 url=about:blank
[browser-tabs] navigationFinished id=tab-2 url=about:blank
[main] emit tab-navigated id=tab-2 url=about:blank
[m0-driver tab] cycle 2 done
[browser-tabs] drift-correct label=tab-3 target=(0,0,1x1) alloc_before=(-1,-1,1x1)
[spawn_child_window] 子 webview 已创建 label=tab-3
[create_tab] 子窗口已提交创建 label=tab-3 init=(1x1) visible=false
[create_tab] run_on_main_thread 已排队 label=tab-3
[create_tab] 页签已创建 label=tab-3 url=https://www.baidu.com/s?wd=about%3Ablank
[browser-tabs] navigationFinished id=tab-3 url=https://www.baidu.com/s?wd=about%3Ablank
[main] emit tab-navigated id=tab-3 url=https://www.baidu.com/s?wd=about%3Ablank
[m0-driver tab] cycle 3 done
[spawn_child_window] 子 webview 已创建 label=tab-4
[create_tab] 子窗口已提交创建 label=tab-4 init=(1x1) visible=false
[browser-tabs] drift-correct label=tab-4 target=(0,0,1x1) alloc_before=(-1,-1,1x1)
[create_tab] run_on_main_thread 已排队 label=tab-4
[create_tab] 页签已创建 label=tab-4 url=https://www.baidu.com/s?wd=about%3Ablank
[browser-tabs] navigationFinished id=tab-4 url=https://www.baidu.com/s?wd=about%3Ablank
[main] emit tab-navigated id=tab-4 url=https://www.baidu.com/s?wd=about%3Ablank
[m0-driver tab] cycle 4 done
[browser-tabs] drift-correct label=tab-5 target=(0,0,1x1) alloc_before=(-1,-1,1x1)
[spawn_child_window] 子 webview 已创建 label=tab-5
[create_tab] 子窗口已提交创建 label=tab-5 init=(1x1) visible=false
[create_tab] run_on_main_thread 已排队 label=tab-5
[create_tab] 页签已创建 label=tab-5 url=https://www.baidu.com/s?wd=about%3Ablank
[browser-tabs] navigationFinished id=tab-5 url=https://www.baidu.com/s?wd=about%3Ablank
[main] emit tab-navigated id=tab-5 url=https://www.baidu.com/s?wd=about%3Ablank
[m0-driver tab] cycle 5 done
[spawn_child_window] 子 webview 已创建 label=tab-6
[create_tab] 子窗口已提交创建 label=tab-6 init=(1x1) visible=false
[create_tab] run_on_main_thread 已排队 label=tab-6
[browser-tabs] drift-correct label=tab-6 target=(0,0,1x1) alloc_before=(-1,-1,1x1)
[create_tab] 页签已创建 label=tab-6 url=https://www.baidu.com/s?wd=about%3Ablank
[browser-tabs] navigationFinished id=tab-6 url=https://www.baidu.com/s?wd=about%3Ablank
[main] emit tab-navigated id=tab-6 url=https://www.baidu.com/s?wd=about%3Ablank
[m0-driver tab] cycle 6 done
[spawn_child_window] 子 webview 已创建 label=tab-7
[create_tab] 子窗口已提交创建 label=tab-7 init=(1x1) visible=false
[browser-tabs] drift-correct label=tab-7 target=(0,0,1x1) alloc_before=(-1,-1,1x1)
[create_tab] run_on_main_thread 已排队 label=tab-7
[create_tab] 页签已创建 label=tab-7 url=https://www.baidu.com/s?wd=about%3Ablank
[browser-tabs] navigationFinished id=tab-7 url=https://www.baidu.com/s?wd=about%3Ablank
[main] emit tab-navigated id=tab-7 url=https://www.baidu.com/s?wd=about%3Ablank
[m0-driver tab] cycle 7 done
[spawn_child_window] 子 webview 已创建 label=tab-8
[create_tab] 子窗口已提交创建 label=tab-8 init=(1x1) visible=false
[create_tab] run_on_main_thread 已排队 label=tab-8
[browser-tabs] drift-correct label=tab-8 target=(0,0,1x1) alloc_before=(-1,-1,1x1)
[create_tab] 页签已创建 label=tab-8 url=https://www.baidu.com/s?wd=about%3Ablank
[browser-tabs] navigationFinished id=tab-8 url=https://www.baidu.com/s?wd=about%3Ablank
[main] emit tab-navigated id=tab-8 url=https://www.baidu.com/s?wd=about%3Ablank
[m0-driver tab] cycle 8 done
[spawn_child_window] 子 webview 已创建 label=tab-9
[create_tab] 子窗口已提交创建 label=tab-9 init=(1x1) visible=false
[browser-tabs] drift-correct label=tab-9 target=(0,0,1x1) alloc_before=(-1,-1,1x1)
[create_tab] run_on_main_thread 已排队 label=tab-9
[create_tab] 页签已创建 label=tab-9 url=https://www.baidu.com/s?wd=about%3Ablank
[browser-tabs] navigationFinished id=tab-9 url=https://www.baidu.com/s?wd=about%3Ablank
[main] emit tab-navigated id=tab-9 url=https://www.baidu.com/s?wd=about%3Ablank
[m0-driver tab] cycle 9 done
[spawn_child_window] 子 webview 已创建 label=tab-10
[create_tab] 子窗口已提交创建 label=tab-10 init=(1x1) visible=false
[browser-tabs] drift-correct label=tab-10 target=(0,0,1x1) alloc_before=(-1,-1,1x1)
[create_tab] run_on_main_thread 已排队 label=tab-10
[create_tab] 页签已创建 label=tab-10 url=https://www.baidu.com/s?wd=about%3Ablank
[browser-tabs] navigationFinished id=tab-10 url=https://www.baidu.com/s?wd=about%3Ablank
[main] emit tab-navigated id=tab-10 url=https://www.baidu.com/s?wd=about%3Ablank
[m0-driver tab] cycle 10 done
[spawn_child_window] 子 webview 已创建 label=tab-11
[create_tab] 子窗口已提交创建 label=tab-11 init=(1x1) visible=false
[create_tab] run_on_main_thread 已排队 label=tab-11
[browser-tabs] drift-correct label=tab-11 target=(0,0,1x1) alloc_before=(-1,-1,1x1)
[create_tab] 页签已创建 label=tab-11 url=https://www.baidu.com/s?wd=about%3Ablank
[browser-tabs] navigationFinished id=tab-11 url=https://www.baidu.com/s?wd=about%3Ablank
[main] emit tab-navigated id=tab-11 url=https://www.baidu.com/s?wd=about%3Ablank
[browser-tabs] navigationFinished id=tab-11 url=https://wappass.baidu.com/static/captcha/tuxing_v2.html?&logid=9669297637091799777&ak=c27bbc89afca0463650ac9bde68ebe06&backurl=https%3A%2F%2Fwww.baidu.com%2Fs%3Fwd%3Dabout%253Ablank&ext=x9G9QDmMXq%2FNo87gjGO0P5beS%2FUa3wmkdAIlf0JCdVORefc3eGtarOGqhes%2BYoPEg1T9i%2F9aWxTqDk%2BHyX%2BPs0fgZ%2FWFHSjAjUL07qjBTdpIIB7URDciwb4Wfa7oJDxfu4VvGFPlp15wo%2BE5UdUXTw%3D%3D&signature=842c0b217b25850842047fa0d6dbc173&timestamp=1788051115
[main] emit tab-navigated id=tab-11 url=https://wappass.baidu.com/static/captcha/tuxing_v2.html?&logid=9669297637091799777&ak=c27bbc89afca0463650ac9bde68ebe06&backurl=https%3A%2F%2Fwww.baidu.com%2Fs%3Fwd%3Dabout%253Ablank&ext=x9G9QDmMXq%2FNo87gjGO0P5beS%2FUa3wmkdAIlf0JCdVORefc3eGtarOGqhes%2BYoPEg1T9i%2F9aWxTqDk%2BHyX%2BPs0fgZ%2FWFHSjAjUL07qjBTdpIIB7URDciwb4Wfa7oJDxfu4VvGFPlp15wo%2BE5UdUXTw%3D%3D&signature=842c0b217b25850842047fa0d6dbc173&timestamp=1788051115
[browser-tabs] navigationFinished id=tab-11 url=about:blank
[main] emit tab-navigated id=tab-11 url=about:blank
[browser-tabs] navigationFinished id=tab-11 url=about:blank
[main] emit tab-navigated id=tab-11 url=about:blank
[m0-driver tab] cycle 11 done
[spawn_child_window] 子 webview 已创建 label=tab-12
[create_tab] 子窗口已提交创建 label=tab-12 init=(1x1) visible=false
[browser-tabs] drift-correct label=tab-12 target=(0,0,1x1) alloc_before=(-1,-1,1x1)
[create_tab] run_on_main_thread 已排队 label=tab-12
[create_tab] 页签已创建 label=tab-12 url=https://www.baidu.com/s?wd=about%3Ablank
[browser-tabs] navigationFinished id=tab-12 url=https://www.baidu.com/s?wd=about%3Ablank
[main] emit tab-navigated id=tab-12 url=https://www.baidu.com/s?wd=about%3Ablank
[browser-tabs] navigationFinished id=tab-12 url=https://wappass.baidu.com/static/captcha/tuxing_v2.html?&logid=9191749577722155165&ak=c27bbc89afca0463650ac9bde68ebe06&backurl=https%3A%2F%2Fwww.baidu.com%2Fs%3Fwd%3Dabout%253Ablank&ext=x9G9QDmMXq%2FNo87gjGO0PzdAdmCGZP7x8YO%2BA4Gc164aaeyhUvJM%2FH2FbXwC2V2ug1T9i%2F9aWxTqDk%2BHyX%2BPs7tuYrD5QpMP0klhPMWQVevzL6dS3iY5AGGgy06XWdK3u4VvGFPlp15wo%2BE5UdUXTw%3D%3D&signature=e953663e77a02e1c356de09710cebdfb&timestamp=1788051121
[main] emit tab-navigated id=tab-12 url=https://wappass.baidu.com/static/captcha/tuxing_v2.html?&logid=9191749577722155165&ak=c27bbc89afca0463650ac9bde68ebe06&backurl=https%3A%2F%2Fwww.baidu.com%2Fs%3Fwd%3Dabout%253Ablank&ext=x9G9QDmMXq%2FNo87gjGO0PzdAdmCGZP7x8YO%2BA4Gc164aaeyhUvJM%2FH2FbXwC2V2ug1T9i%2F9aWxTqDk%2BHyX%2BPs7tuYrD5QpMP0klhPMWQVevzL6dS3iY5AGGgy06XWdK3u4VvGFPlp15wo%2BE5UdUXTw%3D%3D&signature=e953663e77a02e1c356de09710cebdfb&timestamp=1788051121
[browser-tabs] navigationFinished id=tab-12 url=about:blank
[main] emit tab-navigated id=tab-12 url=about:blank
[browser-tabs] navigationFinished id=tab-12 url=about:blank
[main] emit tab-navigated id=tab-12 url=about:blank
[m0-driver tab] cycle 12 done
[spawn_child_window] 子 webview 已创建 label=tab-13
[create_tab] 子窗口已提交创建 label=tab-13 init=(1x1) visible=false
[create_tab] run_on_main_thread 已排队 label=tab-13
[browser-tabs] drift-correct label=tab-13 target=(0,0,1x1) alloc_before=(-1,-1,1x1)
[create_tab] 页签已创建 label=tab-13 url=https://www.baidu.com/s?wd=about%3Ablank
[browser-tabs] navigationFinished id=tab-13 url=https://www.baidu.com/s?wd=about%3Ablank
[main] emit tab-navigated id=tab-13 url=https://www.baidu.com/s?wd=about%3Ablank
[m0-driver tab] cycle 13 done
[spawn_child_window] 子 webview 已创建 label=tab-14
[create_tab] 子窗口已提交创建 label=tab-14 init=(1x1) visible=false
[create_tab] run_on_main_thread 已排队 label=tab-14
[browser-tabs] drift-correct label=tab-14 target=(0,0,1x1) alloc_before=(-1,-1,1x1)
[create_tab] 页签已创建 label=tab-14 url=https://www.baidu.com/s?wd=about%3Ablank
[browser-tabs] navigationFinished id=tab-14 url=https://www.baidu.com/s?wd=about%3Ablank
[main] emit tab-navigated id=tab-14 url=https://www.baidu.com/s?wd=about%3Ablank
[m0-driver tab] cycle 14 done
[spawn_child_window] 子 webview 已创建 label=tab-15
[create_tab] 子窗口已提交创建 label=tab-15 init=(1x1) visible=false
[create_tab] run_on_main_thread 已排队 label=tab-15
[browser-tabs] drift-correct label=tab-15 target=(0,0,1x1) alloc_before=(-1,-1,1x1)
[create_tab] 页签已创建 label=tab-15 url=https://www.baidu.com/s?wd=about%3Ablank
[browser-tabs] navigationFinished id=tab-15 url=https://www.baidu.com/s?wd=about%3Ablank
[main] emit tab-navigated id=tab-15 url=https://www.baidu.com/s?wd=about%3Ablank
[m0-driver tab] cycle 15 done
[spawn_child_window] 子 webview 已创建 label=tab-16
[create_tab] 子窗口已提交创建 label=tab-16 init=(1x1) visible=false
[create_tab] run_on_main_thread 已排队 label=tab-16
[browser-tabs] drift-correct label=tab-16 target=(0,0,1x1) alloc_before=(-1,-1,1x1)
[create_tab] 页签已创建 label=tab-16 url=https://www.baidu.com/s?wd=about%3Ablank
[browser-tabs] navigationFinished id=tab-16 url=https://www.baidu.com/s?wd=about%3Ablank
[main] emit tab-navigated id=tab-16 url=https://www.baidu.com/s?wd=about%3Ablank
[m0-driver tab] cycle 16 done
[spawn_child_window] 子 webview 已创建 label=tab-17
[create_tab] 子窗口已提交创建 label=tab-17 init=(1x1) visible=false
[create_tab] run_on_main_thread 已排队 label=tab-17
[create_tab] 页签已创建 label=tab-17 url=https://www.baidu.com/s?wd=about%3Ablank
[browser-tabs] drift-correct label=tab-17 target=(0,0,1x1) alloc_before=(-1,-1,1x1)
[browser-tabs] navigationFinished id=tab-17 url=https://www.baidu.com/s?wd=about%3Ablank
[main] emit tab-navigated id=tab-17 url=https://www.baidu.com/s?wd=about%3Ablank
[m0-driver tab] cycle 17 done
[spawn_child_window] 子 webview 已创建 label=tab-18
[create_tab] 子窗口已提交创建 label=tab-18 init=(1x1) visible=false
[create_tab] run_on_main_thread 已排队 label=tab-18
[browser-tabs] drift-correct label=tab-18 target=(0,0,1x1) alloc_before=(-1,-1,1x1)
[create_tab] 页签已创建 label=tab-18 url=https://www.baidu.com/s?wd=about%3Ablank
[browser-tabs] navigationFinished id=tab-18 url=https://www.baidu.com/s?wd=about%3Ablank
[main] emit tab-navigated id=tab-18 url=https://www.baidu.com/s?wd=about%3Ablank
[m0-driver tab] cycle 18 done
[spawn_child_window] 子 webview 已创建 label=tab-19
[create_tab] 子窗口已提交创建 label=tab-19 init=(1x1) visible=false
[create_tab] run_on_main_thread 已排队 label=tab-19
[browser-tabs] drift-correct label=tab-19 target=(0,0,1x1) alloc_before=(-1,-1,1x1)
[create_tab] 页签已创建 label=tab-19 url=https://www.baidu.com/s?wd=about%3Ablank
[browser-tabs] navigationFinished id=tab-19 url=https://www.baidu.com/s?wd=about%3Ablank
[main] emit tab-navigated id=tab-19 url=https://www.baidu.com/s?wd=about%3Ablank
[m0-driver tab] cycle 19 done
[spawn_child_window] 子 webview 已创建 label=tab-20
[create_tab] 子窗口已提交创建 label=tab-20 init=(1x1) visible=false
[create_tab] run_on_main_thread 已排队 label=tab-20
[browser-tabs] drift-correct label=tab-20 target=(0,0,1x1) alloc_before=(-1,-1,1x1)
[create_tab] 页签已创建 label=tab-20 url=https://www.baidu.com/s?wd=about%3Ablank
[browser-tabs] navigationFinished id=tab-20 url=https://www.baidu.com/s?wd=about%3Ablank
[main] emit tab-navigated id=tab-20 url=https://www.baidu.com/s?wd=about%3Ablank
[m0-driver tab] cycle 20 done
[spawn_child_window] 子 webview 已创建 label=tab-21
[create_tab] 子窗口已提交创建 label=tab-21 init=(1x1) visible=false
[create_tab] run_on_main_thread 已排队 label=tab-21
[browser-tabs] drift-correct label=tab-21 target=(0,0,1x1) alloc_before=(-1,-1,1x1)
[create_tab] 页签已创建 label=tab-21 url=https://www.baidu.com/s?wd=about%3Ablank
[browser-tabs] navigationFinished id=tab-21 url=https://www.baidu.com/s?wd=about%3Ablank
[main] emit tab-navigated id=tab-21 url=https://www.baidu.com/s?wd=about%3Ablank
[m0-driver tab] cycle 21 done
[spawn_child_window] 子 webview 已创建 label=tab-22
[create_tab] 子窗口已提交创建 label=tab-22 init=(1x1) visible=false
[create_tab] run_on_main_thread 已排队 label=tab-22
[browser-tabs] drift-correct label=tab-22 target=(0,0,1x1) alloc_before=(-1,-1,1x1)
[create_tab] 页签已创建 label=tab-22 url=https://www.baidu.com/s?wd=about%3Ablank
[browser-tabs] navigationFinished id=tab-22 url=https://www.baidu.com/s?wd=about%3Ablank
[main] emit tab-navigated id=tab-22 url=https://www.baidu.com/s?wd=about%3Ablank
[m0-driver tab] cycle 22 done
[spawn_child_window] 子 webview 已创建 label=tab-23
[create_tab] 子窗口已提交创建 label=tab-23 init=(1x1) visible=false
[create_tab] run_on_main_thread 已排队 label=tab-23
[create_tab] 页签已创建 label=tab-23 url=https://www.baidu.com/s?wd=about%3Ablank
[browser-tabs] drift-correct label=tab-23 target=(0,0,1x1) alloc_before=(-1,-1,1x1)
[browser-tabs] navigationFinished id=tab-23 url=https://www.baidu.com/s?wd=about%3Ablank
[main] emit tab-navigated id=tab-23 url=https://www.baidu.com/s?wd=about%3Ablank
[m0-driver tab] cycle 23 done
[spawn_child_window] 子 webview 已创建 label=tab-24
[create_tab] 子窗口已提交创建 label=tab-24 init=(1x1) visible=false
[create_tab] run_on_main_thread 已排队 label=tab-24
[browser-tabs] drift-correct label=tab-24 target=(0,0,1x1) alloc_before=(-1,-1,1x1)
[create_tab] 页签已创建 label=tab-24 url=https://www.baidu.com/s?wd=about%3Ablank
[browser-tabs] navigationFinished id=tab-24 url=https://www.baidu.com/s?wd=about%3Ablank
[main] emit tab-navigated id=tab-24 url=https://www.baidu.com/s?wd=about%3Ablank
[m0-driver tab] cycle 24 done
[spawn_child_window] 子 webview 已创建 label=tab-25
[create_tab] 子窗口已提交创建 label=tab-25 init=(1x1) visible=false
[create_tab] run_on_main_thread 已排队 label=tab-25
[browser-tabs] drift-correct label=tab-25 target=(0,0,1x1) alloc_before=(-1,-1,1x1)
[create_tab] 页签已创建 label=tab-25 url=https://www.baidu.com/s?wd=about%3Ablank
[browser-tabs] navigationFinished id=tab-25 url=https://www.baidu.com/s?wd=about%3Ablank
[main] emit tab-navigated id=tab-25 url=https://www.baidu.com/s?wd=about%3Ablank
[m0-driver tab] cycle 25 done
[m0-driver tab] driver result=PASS
